2026-02-28 22:21:01,294 [INFO] ============================================================
2026-02-28 22:21:01,294 [INFO] 🧬 GoMata Counterfactual Herd Testing Engine — v1
2026-02-28 22:21:01,294 [INFO]    Cows: 50, Days: 30, Runs/scenario: 3
2026-02-28 22:21:01,294 [INFO] ============================================================
2026-02-28 22:21:01,294 [INFO] 
── Scenario: No Vaccination (0%) (vacc=0%) ──
2026-02-28 22:21:01,294 [INFO]   Run 1/3...
2026-02-28 22:21:01,911 [INFO]     Peak: 3 (day 28), R₀≈2, Stability: 0.984
2026-02-28 22:21:01,911 [INFO]   Run 2/3...
2026-02-28 22:21:02,376 [INFO]     Peak: 3 (day 12), R₀≈2, Stability: 0.958
2026-02-28 22:21:02,376 [INFO]   Run 3/3...
2026-02-28 22:21:02,824 [INFO]     Peak: 1 (day 12), R₀≈1, Stability: 0.987
2026-02-28 22:21:02,824 [INFO] 
── Scenario: 20% Vaccination (vacc=20%) ──
2026-02-28 22:21:02,824 [INFO]   Run 1/3...
2026-02-28 22:21:02,982 [ERROR] Simulation failed: [eval]:27
        if (Math.random() < VACC_RATE) vaccinated.set(id);
                                                  ^

TypeError: vaccinated.set is not a function
    at [eval]:27:51
    at runScriptInThisContext (node:internal/vm:143:10)
    at node:internal/process/execution:100:14
    at [eval]-wrapper:6:24
    at runScript (node:internal/process/execution:83:62)
    at evalScript (node:internal/process/execution:114:10)
    at node:internal/main/eval_string:30:3

Node.js v18.20.8

2026-02-28 22:21:02,982 [INFO]   Run 2/3...
2026-02-28 22:21:03,141 [ERROR] Simulation failed: [eval]:27
        if (Math.random() < VACC_RATE) vaccinated.set(id);
                                                  ^

TypeError: vaccinated.set is not a function
    at [eval]:27:51
    at runScriptInThisContext (node:internal/vm:143:10)
    at node:internal/process/execution:100:14
    at [eval]-wrapper:6:24
    at runScript (node:internal/process/execution:83:62)
    at evalScript (node:internal/process/execution:114:10)
    at node:internal/main/eval_string:30:3

Node.js v18.20.8

2026-02-28 22:21:03,141 [INFO]   Run 3/3...
2026-02-28 22:21:03,303 [ERROR] Simulation failed: [eval]:27
        if (Math.random() < VACC_RATE) vaccinated.set(id);
                                                  ^

TypeError: vaccinated.set is not a function
    at [eval]:27:51
    at runScriptInThisContext (node:internal/vm:143:10)
    at node:internal/process/execution:100:14
    at [eval]-wrapper:6:24
    at runScript (node:internal/process/execution:83:62)
    at evalScript (node:internal/process/execution:114:10)
    at node:internal/main/eval_string:30:3

Node.js v18.20.8

2026-02-28 22:21:03,303 [INFO] 
── Scenario: 60% Vaccination (vacc=60%) ──
2026-02-28 22:21:03,303 [INFO]   Run 1/3...
2026-02-28 22:21:03,469 [ERROR] Simulation failed: [eval]:27
        if (Math.random() < VACC_RATE) vaccinated.set(id);
                                                  ^

TypeError: vaccinated.set is not a function
    at [eval]:27:51
    at runScriptInThisContext (node:internal/vm:143:10)
    at node:internal/process/execution:100:14
    at [eval]-wrapper:6:24
    at runScript (node:internal/process/execution:83:62)
    at evalScript (node:internal/process/execution:114:10)
    at node:internal/main/eval_string:30:3

Node.js v18.20.8

2026-02-28 22:21:03,469 [INFO]   Run 2/3...
2026-02-28 22:21:03,631 [ERROR] Simulation failed: [eval]:27
        if (Math.random() < VACC_RATE) vaccinated.set(id);
                                                  ^

TypeError: vaccinated.set is not a function
    at [eval]:27:51
    at runScriptInThisContext (node:internal/vm:143:10)
    at node:internal/process/execution:100:14
    at [eval]-wrapper:6:24
    at runScript (node:internal/process/execution:83:62)
    at evalScript (node:internal/process/execution:114:10)
    at node:internal/main/eval_string:30:3

Node.js v18.20.8

2026-02-28 22:21:03,631 [INFO]   Run 3/3...
2026-02-28 22:21:03,798 [ERROR] Simulation failed: [eval]:27
        if (Math.random() < VACC_RATE) vaccinated.set(id);
                                                  ^

TypeError: vaccinated.set is not a function
    at [eval]:27:51
    at runScriptInThisContext (node:internal/vm:143:10)
    at node:internal/process/execution:100:14
    at [eval]-wrapper:6:24
    at runScript (node:internal/process/execution:83:62)
    at evalScript (node:internal/process/execution:114:10)
    at node:internal/main/eval_string:30:3

Node.js v18.20.8

2026-02-28 22:21:03,798 [ERROR] Not all scenarios completed. Check simulator.
2026-02-28 22:21:55,330 [INFO] ============================================================
2026-02-28 22:21:55,331 [INFO] 🧬 GoMata Counterfactual Herd Testing Engine — v1
2026-02-28 22:21:55,331 [INFO]    Cows: 50, Days: 30, Runs/scenario: 3
2026-02-28 22:21:55,331 [INFO] ============================================================
2026-02-28 22:21:55,331 [INFO] 
── Scenario: No Vaccination (0%) (vacc=0%) ──
2026-02-28 22:21:55,331 [INFO]   Run 1/3...
2026-02-28 22:21:55,811 [INFO]     Peak: 3 (day 28), R₀≈2, Stability: 0.978
2026-02-28 22:21:55,811 [INFO]   Run 2/3...
2026-02-28 22:21:56,244 [INFO]     Peak: 1 (day 1), R₀≈1, Stability: 0.98
2026-02-28 22:21:56,244 [INFO]   Run 3/3...
2026-02-28 22:21:56,702 [INFO]     Peak: 0 (day 1), R₀≈0, Stability: 1
2026-02-28 22:21:56,702 [INFO] 
── Scenario: 20% Vaccination (vacc=20%) ──
2026-02-28 22:21:56,703 [INFO]   Run 1/3...
2026-02-28 22:21:57,168 [INFO]     Peak: 1 (day 10), R₀≈1, Stability: 0.986
2026-02-28 22:21:57,168 [INFO]   Run 2/3...
2026-02-28 22:21:57,622 [INFO]     Peak: 3 (day 10), R₀≈3, Stability: 0.96
2026-02-28 22:21:57,622 [INFO]   Run 3/3...
2026-02-28 22:21:58,067 [INFO]     Peak: 2 (day 26), R₀≈2, Stability: 0.985
2026-02-28 22:21:58,068 [INFO] 
── Scenario: 60% Vaccination (vacc=60%) ──
2026-02-28 22:21:58,068 [INFO]   Run 1/3...
2026-02-28 22:21:58,523 [INFO]     Peak: 4 (day 25), R₀≈2, Stability: 0.959
2026-02-28 22:21:58,523 [INFO]   Run 2/3...
2026-02-28 22:21:58,969 [INFO]     Peak: 3 (day 27), R₀≈2, Stability: 0.977
2026-02-28 22:21:58,969 [INFO]   Run 3/3...
2026-02-28 22:21:59,418 [INFO]     Peak: 3 (day 29), R₀≈2, Stability: 0.975
2026-02-28 22:22:00,908 [INFO]   Plot saved: /Users/googledoodle/Downloads/livestock_monitoring/ml_service/scripts/../training_data/counterfactual_vaccination.png
2026-02-28 22:22:00,913 [INFO] 
── Counterfactual Comparison Table ──
2026-02-28 22:22:00,916 [INFO] 
           Scenario  Vacc %  Peak Infected  Peak Day  Estimated R₀  Herd Stability  Total Infection-Days  Runs
No Vaccination (0%)       0            1.3      10.0           1.0          0.9860                  21.0     3
    20% Vaccination      20            2.0      15.3           2.0          0.9770                  34.3     3
    60% Vaccination      60            3.3      27.0           2.0          0.9703                  44.7     3
2026-02-28 22:22:00,916 [INFO] 
── Monotonicity Checks ──
2026-02-28 22:22:00,916 [INFO]   Peak infections monotonic (0% > 20% > 60%): ❌ FAIL
2026-02-28 22:22:00,916 [INFO]   R₀ monotonic (0% > 20% > 60%):              ❌ FAIL
2026-02-28 22:22:00,916 [INFO] 
🔴 COUNTERFACTUAL VALIDATION FAILED — Herd propagation weak
2026-02-28 22:22:00,916 [INFO] ============================================================
2026-02-28 22:23:41,759 [INFO] ============================================================
2026-02-28 22:23:41,760 [INFO] 🧬 GoMata Counterfactual Herd Testing Engine — v1
2026-02-28 22:23:41,760 [INFO]    Cows: 100, Days: 30, Runs/scenario: 5
2026-02-28 22:23:41,760 [INFO] ============================================================
2026-02-28 22:23:41,760 [INFO] 
── Scenario: No Vaccination (0%) (vacc=0%) ──
2026-02-28 22:23:41,760 [INFO]   Run 1/5...
2026-02-28 22:23:42,650 [INFO]     Peak: 3 (day 26), R₀≈2, Stability: 0.982
2026-02-28 22:23:42,650 [INFO]   Run 2/5...
2026-02-28 22:23:43,450 [INFO]     Peak: 4 (day 29), R₀≈2, Stability: 0.978
2026-02-28 22:23:43,451 [INFO]   Run 3/5...
2026-02-28 22:23:44,210 [INFO]     Peak: 3 (day 16), R₀≈1.5, Stability: 0.978
2026-02-28 22:23:44,211 [INFO]   Run 4/5...
2026-02-28 22:23:45,000 [INFO]     Peak: 3 (day 19), R₀≈3, Stability: 0.986
2026-02-28 22:23:45,000 [INFO]   Run 5/5...
2026-02-28 22:23:45,775 [INFO]     Peak: 5 (day 25), R₀≈1.5, Stability: 0.976
2026-02-28 22:23:45,775 [INFO] 
── Scenario: 20% Vaccination (vacc=20%) ──
2026-02-28 22:23:45,775 [INFO]   Run 1/5...
2026-02-28 22:23:46,651 [INFO]     Peak: 4 (day 28), R₀≈2, Stability: 0.989
2026-02-28 22:23:46,651 [INFO]   Run 2/5...
2026-02-28 22:23:47,481 [INFO]     Peak: 3 (day 14), R₀≈2, Stability: 0.977
2026-02-28 22:23:47,481 [INFO]   Run 3/5...
2026-02-28 22:23:48,283 [INFO]     Peak: 1 (day 22), R₀≈1, Stability: 0.997
2026-02-28 22:23:48,283 [INFO]   Run 4/5...
2026-02-28 22:23:49,089 [INFO]     Peak: 4 (day 23), R₀≈2, Stability: 0.981
2026-02-28 22:23:49,089 [INFO]   Run 5/5...
2026-02-28 22:23:49,881 [INFO]     Peak: 5 (day 21), R₀≈2, Stability: 0.97
2026-02-28 22:23:49,882 [INFO] 
── Scenario: 60% Vaccination (vacc=60%) ──
2026-02-28 22:23:49,882 [INFO]   Run 1/5...
2026-02-28 22:23:50,678 [INFO]     Peak: 2 (day 24), R₀≈2, Stability: 0.993
2026-02-28 22:23:50,678 [INFO]   Run 2/5...
2026-02-28 22:23:51,471 [INFO]     Peak: 3 (day 26), R₀≈2, Stability: 0.987
2026-02-28 22:23:51,471 [INFO]   Run 3/5...
2026-02-28 22:23:52,264 [INFO]     Peak: 1 (day 11), R₀≈1, Stability: 0.993
2026-02-28 22:23:52,264 [INFO]   Run 4/5...
2026-02-28 22:23:53,043 [INFO]     Peak: 3 (day 20), R₀≈2, Stability: 0.978
2026-02-28 22:23:53,043 [INFO]   Run 5/5...
2026-02-28 22:23:54,004 [INFO]     Peak: 0 (day 1), R₀≈0, Stability: 1
2026-02-28 22:23:54,517 [INFO]   Plot saved: /Users/googledoodle/Downloads/livestock_monitoring/ml_service/scripts/../training_data/counterfactual_vaccination.png
2026-02-28 22:23:54,522 [INFO] 
── Counterfactual Comparison Table ──
2026-02-28 22:23:54,525 [INFO] 
           Scenario  Vacc %  Peak Infected  Peak Day  Estimated R₀  Herd Stability  Total Infection-Days  Runs
No Vaccination (0%)       0            3.6      23.0           2.0          0.9800                  60.0     5
    20% Vaccination      20            3.4      21.6           1.8          0.9828                  51.6     5
    60% Vaccination      60            1.8      16.4           1.4          0.9902                  29.8     5
2026-02-28 22:23:54,525 [INFO] 
── Monotonicity Checks ──
2026-02-28 22:23:54,525 [INFO]   Peak infections monotonic (0% > 20% > 60%): ✅ PASS
2026-02-28 22:23:54,525 [INFO]   R₀ monotonic (0% > 20% > 60%):              ✅ PASS
2026-02-28 22:23:54,525 [INFO] 
🟢 COUNTERFACTUAL VALIDATION PASSED — Epidemiology is causal
2026-02-28 22:23:54,525 [INFO] ============================================================
2026-02-28 22:32:41,141 [INFO] ============================================================
2026-02-28 22:32:41,142 [INFO] 🧬 GoMata Counterfactual Herd Testing Engine — v1
2026-02-28 22:32:41,142 [INFO]    Cows: 50, Days: 30, Runs/scenario: 3
2026-02-28 22:32:41,142 [INFO] ============================================================
2026-02-28 22:32:41,142 [INFO] 
── Scenario: No Vaccination (0%) (vacc=0%) ──
2026-02-28 22:32:41,142 [INFO]   Run 1/3...
2026-02-28 22:32:41,587 [INFO]     Peak: 1 (day 24), R₀≈1, Stability: 0.995
2026-02-28 22:32:41,587 [INFO]   Run 2/3...
2026-02-28 22:32:41,989 [INFO]     Peak: 3 (day 26), R₀≈2, Stability: 0.961
2026-02-28 22:32:41,989 [INFO]   Run 3/3...
2026-02-28 22:32:42,380 [INFO]     Peak: 3 (day 24), R₀≈2, Stability: 0.961
2026-02-28 22:32:42,380 [INFO] 
── Scenario: 20% Vaccination (vacc=20%) ──
2026-02-28 22:32:42,380 [INFO]   Run 1/3...
2026-02-28 22:32:42,798 [INFO]     Peak: 1 (day 22), R₀≈1, Stability: 0.994
2026-02-28 22:32:42,798 [INFO]   Run 2/3...
2026-02-28 22:32:43,218 [INFO]     Peak: 3 (day 22), R₀≈2, Stability: 0.969
2026-02-28 22:32:43,218 [INFO]   Run 3/3...
2026-02-28 22:32:43,614 [INFO]     Peak: 0 (day 1), R₀≈0, Stability: 1
2026-02-28 22:32:43,615 [INFO] 
── Scenario: 60% Vaccination (vacc=60%) ──
2026-02-28 22:32:43,615 [INFO]   Run 1/3...
2026-02-28 22:32:44,018 [INFO]     Peak: 1 (day 16), R₀≈1, Stability: 0.99
2026-02-28 22:32:44,018 [INFO]   Run 2/3...
2026-02-28 22:32:44,411 [INFO]     Peak: 0 (day 1), R₀≈0, Stability: 1
2026-02-28 22:32:44,411 [INFO]   Run 3/3...
2026-02-28 22:32:44,816 [INFO]     Peak: 0 (day 1), R₀≈0, Stability: 1
2026-02-28 22:32:45,427 [INFO]   Plot saved: /Users/googledoodle/Downloads/livestock_monitoring/ml_service/scripts/../training_data/counterfactual_vaccination.png
2026-02-28 22:32:45,430 [INFO] 
── Counterfactual Comparison Table ──
2026-02-28 22:32:45,431 [INFO] 
           Scenario  Vacc %  Peak Infected  Peak Day  Estimated R₀  Herd Stability  Total Infection-Days  Runs
No Vaccination (0%)       0            2.3      24.7         1.667          0.9723                  41.0     3
    20% Vaccination      20            1.3      15.0         1.000          0.9877                  18.7     3
    60% Vaccination      60            0.3       6.0         0.333          0.9967                   5.0     3
2026-02-28 22:32:45,431 [INFO] 
── Monotonicity Checks ──
2026-02-28 22:32:45,431 [INFO]   Peak infections monotonic (0% > 20% > 60%): ✅ PASS
2026-02-28 22:32:45,431 [INFO]   R₀ monotonic (0% > 20% > 60%):              ✅ PASS
2026-02-28 22:32:45,431 [INFO] 
🟢 COUNTERFACTUAL VALIDATION PASSED — Epidemiology is causal
2026-02-28 22:32:45,431 [INFO] ============================================================
2026-02-28 22:56:51,657 [INFO] ============================================================
2026-02-28 22:56:51,658 [INFO] 🧬 GoMata Counterfactual Herd Testing Engine — v1
2026-02-28 22:56:51,658 [INFO]    Cows: 100, Days: 30, Runs/scenario: 5
2026-02-28 22:56:51,658 [INFO] ============================================================
2026-02-28 22:56:51,658 [INFO] 
── Scenario: No Vaccination (0%) (vacc=0%) ──
2026-02-28 22:56:51,658 [INFO]   Run 1/5...
2026-02-28 22:56:52,573 [INFO]     Peak: 2 (day 6), R₀≈2, Stability: 0.982
2026-02-28 22:56:52,573 [INFO]   Run 2/5...
2026-02-28 22:56:53,354 [INFO]     Peak: 9 (day 29), R₀≈2, Stability: 0.969
2026-02-28 22:56:53,354 [INFO]   Run 3/5...
2026-02-28 22:56:54,134 [INFO]     Peak: 5 (day 28), R₀≈2, Stability: 0.984
2026-02-28 22:56:54,134 [INFO]   Run 4/5...
2026-02-28 22:56:54,965 [INFO]     Peak: 1 (day 15), R₀≈1, Stability: 0.995
2026-02-28 22:56:54,965 [INFO]   Run 5/5...
2026-02-28 22:56:56,080 [INFO]     Peak: 6 (day 23), R₀≈2, Stability: 0.965
2026-02-28 22:56:56,355 [INFO] 
── Scenario: 20% Vaccination (vacc=20%) ──
2026-02-28 22:56:56,733 [INFO]   Run 1/5...
2026-02-28 22:56:57,612 [INFO]     Peak: 4 (day 29), R₀≈1.5, Stability: 0.993
2026-02-28 22:56:57,612 [INFO]   Run 2/5...
2026-02-28 22:56:58,412 [INFO]     Peak: 7 (day 29), R₀≈2, Stability: 0.96
2026-02-28 22:56:58,412 [INFO]   Run 3/5...
2026-02-28 22:56:59,211 [INFO]     Peak: 3 (day 26), R₀≈2, Stability: 0.992
2026-02-28 22:56:59,211 [INFO]   Run 4/5...
2026-02-28 22:57:00,026 [INFO]     Peak: 7 (day 14), R₀≈2, Stability: 0.941
2026-02-28 22:57:00,026 [INFO]   Run 5/5...
2026-02-28 22:57:00,857 [INFO]     Peak: 0 (day 1), R₀≈0, Stability: 1
2026-02-28 22:57:00,857 [INFO] 
── Scenario: 60% Vaccination (vacc=60%) ──
2026-02-28 22:57:00,857 [INFO]   Run 1/5...
2026-02-28 22:57:01,670 [INFO]     Peak: 2 (day 16), R₀≈2, Stability: 0.99
2026-02-28 22:57:01,670 [INFO]   Run 2/5...
2026-02-28 22:57:02,467 [INFO]     Peak: 1 (day 19), R₀≈1, Stability: 0.996
2026-02-28 22:57:02,467 [INFO]   Run 3/5...
2026-02-28 22:57:03,253 [INFO]     Peak: 5 (day 28), R₀≈2, Stability: 0.973
2026-02-28 22:57:03,253 [INFO]   Run 4/5...
2026-02-28 22:57:04,064 [INFO]     Peak: 1 (day 18), R₀≈0, Stability: 1
2026-02-28 22:57:04,065 [INFO]   Run 5/5...
2026-02-28 22:57:04,878 [INFO]     Peak: 1 (day 25), R₀≈1, Stability: 0.998
2026-02-28 22:57:05,527 [INFO]   Plot saved: /Users/googledoodle/Downloads/livestock_monitoring/ml_service/scripts/../training_data/counterfactual_vaccination.png
2026-02-28 22:57:05,535 [INFO] 
── Counterfactual Comparison Table ──
2026-02-28 22:57:05,539 [INFO] 
           Scenario  Vacc %  Peak Infected  Peak Day  Estimated R₀  Herd Stability  Total Infection-Days  Runs
No Vaccination (0%)       0            4.6      20.2           1.8          0.9790                  63.2     5
    20% Vaccination      20            4.2      19.8           1.5          0.9772                  68.6     5
    60% Vaccination      60            2.0      21.2           1.2          0.9914                  26.0     5
2026-02-28 22:57:05,539 [INFO] 
── Monotonicity Checks ──
2026-02-28 22:57:05,539 [INFO]   Peak infections monotonic (0% > 20% > 60%): ✅ PASS
2026-02-28 22:57:05,539 [INFO]   R₀ monotonic (0% > 20% > 60%):              ✅ PASS
2026-02-28 22:57:05,539 [INFO] 
🟢 COUNTERFACTUAL VALIDATION PASSED — Epidemiology is causal
2026-02-28 22:57:05,539 [INFO] ============================================================
2026-02-28 23:08:49,588 [INFO] ============================================================
2026-02-28 23:08:49,588 [INFO] 🧬 GoMata Counterfactual Herd Testing Engine — v1
2026-02-28 23:08:49,588 [INFO]    Cows: 100, Days: 30, Runs/scenario: 3
2026-02-28 23:08:49,588 [INFO] ============================================================
2026-02-28 23:08:49,588 [INFO] 
── Scenario: No Vaccination (0%) (vacc=0%) ──
2026-02-28 23:08:49,588 [INFO]   Run 1/3...
2026-02-28 23:08:50,491 [INFO]     Peak: 2 (day 24), R₀≈2, Stability: 0.99
2026-02-28 23:08:50,491 [INFO]   Run 2/3...
2026-02-28 23:08:51,265 [INFO]     Peak: 6 (day 28), R₀≈2, Stability: 0.97
2026-02-28 23:08:51,265 [INFO]   Run 3/3...
2026-02-28 23:08:52,096 [INFO]     Peak: 2 (day 28), R₀≈2, Stability: 0.994
2026-02-28 23:08:52,096 [INFO] 
── Scenario: 20% Vaccination (vacc=20%) ──
2026-02-28 23:08:52,097 [INFO]   Run 1/3...
2026-02-28 23:08:52,883 [INFO]     Peak: 3 (day 24), R₀≈2, Stability: 0.981
2026-02-28 23:08:52,883 [INFO]   Run 2/3...
2026-02-28 23:08:53,689 [INFO]     Peak: 2 (day 29), R₀≈2, Stability: 0.996
2026-02-28 23:08:53,690 [INFO]   Run 3/3...
