2026-02-28 23:21:15,650 [INFO] ============================================================
2026-02-28 23:21:15,650 [INFO] 🧬 GoMata Digital Twin v5 — Probabilistic Realism Generator
2026-02-28 23:21:15,650 [INFO] ============================================================
2026-02-28 23:21:15,795 [INFO] Loading from validation_clean_v3: 199691 total, limit=200000
2026-02-28 23:21:19,962 [INFO] Loading from validation_clean_v4: 199777 total, limit=200000
2026-02-28 23:21:25,806 [INFO] V3 raw: 199691 rows, V4 raw: 199777 rows
2026-02-28 23:21:25,806 [INFO] Generating V3 realistic sensor signals...
2026-02-28 23:21:26,326 [INFO] V3 signals regenerated: 199691 rows
2026-02-28 23:21:26,372 [INFO] Generating V4 realistic production signals...
2026-02-28 23:21:26,595 [INFO] V4 signals regenerated: 199691 rows
2026-02-28 23:21:26,607 [INFO] 
── Instantaneous AUC Checks ──
2026-02-28 23:21:27,650 [INFO]   Temperature AUC: 0.7513 (target ≤ 0.85)
2026-02-28 23:21:27,650 [INFO]   Heart Rate AUC:  0.8441
2026-02-28 23:21:27,650 [INFO]   Activity AUC:    0.2945
2026-02-28 23:21:27,650 [INFO]   Milk Yield AUC:  0.4553 (target ≤ 0.80)
2026-02-28 23:21:27,650 [INFO]   Temp check: ✅
2026-02-28 23:21:27,650 [INFO]   Milk check: ✅
2026-02-28 23:21:27,650 [INFO] 
── Saving to MongoDB ──
2026-02-28 23:21:27,659 [INFO] Saving V3 to trainingevents_v5 (199691 rows)...
2026-02-28 23:21:28,100 [INFO]   V3: 5000/199691
2026-02-28 23:21:29,151 [INFO]   V3: 25000/199691
2026-02-28 23:21:30,149 [INFO]   V3: 45000/199691
2026-02-28 23:21:31,041 [INFO]   V3: 65000/199691
2026-02-28 23:21:32,035 [INFO]   V3: 85000/199691
2026-02-28 23:21:33,040 [INFO]   V3: 105000/199691
2026-02-28 23:21:33,997 [INFO]   V3: 125000/199691
2026-02-28 23:21:34,928 [INFO]   V3: 145000/199691
2026-02-28 23:21:35,826 [INFO]   V3: 165000/199691
2026-02-28 23:21:36,702 [INFO]   V3: 185000/199691
2026-02-28 23:21:37,354 [INFO] Saved 199691 docs to trainingevents_v5
2026-02-28 23:21:37,355 [INFO] Saving V4 to trainingevents_v5_production (199691 rows)...
2026-02-28 23:21:37,623 [INFO]   V4: 5000/199691
2026-02-28 23:21:38,578 [INFO]   V4: 25000/199691
2026-02-28 23:21:39,590 [INFO]   V4: 45000/199691
2026-02-28 23:21:40,616 [INFO]   V4: 65000/199691
2026-02-28 23:21:41,748 [INFO]   V4: 85000/199691
2026-02-28 23:21:42,729 [INFO]   V4: 105000/199691
2026-02-28 23:21:43,739 [INFO]   V4: 125000/199691
2026-02-28 23:21:44,740 [INFO]   V4: 145000/199691
2026-02-28 23:21:45,722 [INFO]   V4: 165000/199691
2026-02-28 23:21:46,713 [INFO]   V4: 185000/199691
