2026-02-28 22:32:11,390 [INFO] ============================================================
2026-02-28 22:32:11,390 [INFO] 🧬 GoMata Pilot Validation Framework v1
2026-02-28 22:32:11,390 [INFO]    Complete Pilot Readiness Assessment
2026-02-28 22:32:11,390 [INFO] ============================================================
2026-02-28 22:32:11,390 [INFO] 
============================================================
2026-02-28 22:32:11,390 [INFO] ▶ Generate Validation Sets (100K v3 + 100K v4)
2026-02-28 22:32:11,390 [INFO] ============================================================
2026-02-28 22:32:26,145 [INFO] ✅ Generate Validation Sets (100K v3 + 100K v4) completed in 14.8s
2026-02-28 22:32:26,145 [INFO]     [32m40,000[0m / 1,00,000 (40.0%)   
2026-02-28 22:32:26,145 [INFO]     [32m45,000[0m / 1,00,000 (45.0%)   
2026-02-28 22:32:26,145 [INFO]     [32m50,000[0m / 1,00,000 (50.0%)   
2026-02-28 22:32:26,145 [INFO]     [32m55,000[0m / 1,00,000 (55.0%)   
2026-02-28 22:32:26,145 [INFO]     [32m60,000[0m / 1,00,000 (60.0%)   
2026-02-28 22:32:26,145 [INFO]     [32m65,000[0m / 1,00,000 (65.0%)   
2026-02-28 22:32:26,145 [INFO]     [32m70,000[0m / 1,00,000 (70.0%)   
2026-02-28 22:32:26,145 [INFO]     [32m75,000[0m / 1,00,000 (75.0%)   
2026-02-28 22:32:26,145 [INFO]     [32m80,000[0m / 1,00,000 (80.0%)   
2026-02-28 22:32:26,145 [INFO]     [32m85,000[0m / 1,00,000 (85.0%)   
2026-02-28 22:32:26,145 [INFO]     [32m90,000[0m / 1,00,000 (90.0%)   
2026-02-28 22:32:26,145 [INFO]     [32m95,000[0m / 1,00,000 (95.0%)   
2026-02-28 22:32:26,145 [INFO]     [32m✅ validation_clean_v4: 99,777 records[0m
2026-02-28 22:32:26,145 [INFO]   
2026-02-28 22:32:26,145 [INFO]   [36mCreating indexes...[0m
2026-02-28 22:32:26,145 [INFO]   
2026-02-28 22:32:26,145 [INFO]   [1m[32m═══ VALIDATION SET GENERATION COMPLETE ═══[0m
2026-02-28 22:32:26,145 [INFO]     validation_clean_v3: [1m99,810[0m
2026-02-28 22:32:26,145 [INFO]     validation_clean_v4: [1m99,777[0m
2026-02-28 22:32:26,145 [INFO]     Duration: [1m14.4s[0m
2026-02-28 22:32:26,145 [INFO] 
============================================================
2026-02-28 22:32:26,145 [INFO] ▶ Part 1: Reality Gap Testing
2026-02-28 22:32:26,145 [INFO] ============================================================
2026-02-28 22:32:40,760 [INFO] ✅ Part 1: Reality Gap Testing completed in 14.6s
2026-02-28 22:32:40,760 [INFO]   Feed Change Missing 10%    severity_mae 0.4504 0.4504      0.00
2026-02-28 22:32:40,760 [INFO]   Feed Change Missing 10%   forecast_rmse 0.0055 0.0055      0.00
2026-02-28 22:32:40,760 [INFO]   Feed Change Missing 10% milk_loss_error 2.2495 2.2495      0.00
2026-02-28 22:32:40,760 [INFO]   2026-02-28 22:32:40,074 [INFO] 
2026-02-28 22:32:40,760 [INFO]   ── V4 Pass/Fail Verdicts ──
2026-02-28 22:32:40,760 [INFO]   2026-02-28 22:32:40,075 [INFO] 
2026-02-28 22:32:40,760 [INFO]                  Scenario  AUC Drop %  RMSE Increase %  Milk Monotonic   VERDICT
2026-02-28 22:32:40,760 [INFO]        Sensor Drift (all)        0.00             0.00           False ❌ FRAGILE
2026-02-28 22:32:40,760 [INFO]                Missing 5%        1.81            -2.55           False ❌ FRAGILE
2026-02-28 22:32:40,760 [INFO]               Missing 15%        5.53            -7.62           False ❌ FRAGILE
2026-02-28 22:32:40,760 [INFO]               Missing 30%       11.41           -16.42           False ❌ FRAGILE
2026-02-28 22:32:40,760 [INFO]         Temporal Delay 2h       36.25             0.14           False ❌ FRAGILE
2026-02-28 22:32:40,760 [INFO]         Temporal Delay 6h       35.86             0.42           False ❌ FRAGILE
2026-02-28 22:32:40,761 [INFO]     Vacc Misreporting 10%        0.00             0.00           False ❌ FRAGILE
2026-02-28 22:32:40,761 [INFO]      Antibiotic Delay 12h        0.00             0.00           False ❌ FRAGILE
2026-02-28 22:32:40,761 [INFO]   Feed Change Missing 10%        0.00             0.00           False ❌ FRAGILE
2026-02-28 22:32:40,761 [INFO]   2026-02-28 22:32:40,076 [INFO] 
2026-02-28 22:32:40,761 [INFO]   ============================================================
2026-02-28 22:32:40,761 [INFO]   2026-02-28 22:32:40,076 [INFO] 🟢 Reality Gap Testing Complete
2026-02-28 22:32:40,761 [INFO]   2026-02-28 22:32:40,076 [INFO] ============================================================
2026-02-28 22:32:40,761 [INFO] 
============================================================
2026-02-28 22:32:40,761 [INFO] ▶ Part 2: Counterfactual Herd Testing
2026-02-28 22:32:40,761 [INFO] ============================================================
2026-02-28 22:32:45,523 [INFO] ✅ Part 2: Counterfactual Herd Testing completed in 4.8s
2026-02-28 22:32:45,523 [INFO]   2026-02-28 22:32:44,018 [INFO]     Peak: 1 (day 16), R₀≈1, Stability: 0.99
2026-02-28 22:32:45,523 [INFO]   2026-02-28 22:32:44,018 [INFO]   Run 2/3...
2026-02-28 22:32:45,523 [INFO]   2026-02-28 22:32:44,411 [INFO]     Peak: 0 (day 1), R₀≈0, Stability: 1
2026-02-28 22:32:45,523 [INFO]   2026-02-28 22:32:44,411 [INFO]   Run 3/3...
2026-02-28 22:32:45,523 [INFO]   2026-02-28 22:32:44,816 [INFO]     Peak: 0 (day 1), R₀≈0, Stability: 1
2026-02-28 22:32:45,523 [INFO]   2026-02-28 22:32:45,427 [INFO]   Plot saved: /Users/googledoodle/Downloads/livestock_monitoring/ml_service/scripts/../training_data/counterfactual_vaccination.png
2026-02-28 22:32:45,523 [INFO]   2026-02-28 22:32:45,430 [INFO] 
2026-02-28 22:32:45,523 [INFO]   ── Counterfactual Comparison Table ──
2026-02-28 22:32:45,523 [INFO]   2026-02-28 22:32:45,431 [INFO] 
2026-02-28 22:32:45,523 [INFO]              Scenario  Vacc %  Peak Infected  Peak Day  Estimated R₀  Herd Stability  Total Infection-Days  Runs
2026-02-28 22:32:45,523 [INFO]   No Vaccination (0%)       0            2.3      24.7         1.667          0.9723                  41.0     3
2026-02-28 22:32:45,523 [INFO]       20% Vaccination      20            1.3      15.0         1.000          0.9877                  18.7     3
2026-02-28 22:32:45,523 [INFO]       60% Vaccination      60            0.3       6.0         0.333          0.9967                   5.0     3
2026-02-28 22:32:45,523 [INFO]   2026-02-28 22:32:45,431 [INFO] 
2026-02-28 22:32:45,523 [INFO]   ── Monotonicity Checks ──
2026-02-28 22:32:45,523 [INFO]   2026-02-28 22:32:45,431 [INFO]   Peak infections monotonic (0% > 20% > 60%): ✅ PASS
2026-02-28 22:32:45,523 [INFO]   2026-02-28 22:32:45,431 [INFO]   R₀ monotonic (0% > 20% > 60%):              ✅ PASS
2026-02-28 22:32:45,523 [INFO]   2026-02-28 22:32:45,431 [INFO] 
2026-02-28 22:32:45,523 [INFO]   🟢 COUNTERFACTUAL VALIDATION PASSED — Epidemiology is causal
2026-02-28 22:32:45,523 [INFO]   2026-02-28 22:32:45,431 [INFO] ============================================================
2026-02-28 22:32:45,523 [INFO] 
============================================================
2026-02-28 22:32:45,523 [INFO] ▶ Part 3: Intervention Simulation Validation
2026-02-28 22:32:45,523 [INFO] ============================================================
2026-02-28 22:32:56,925 [INFO] ✅ Part 3: Intervention Simulation Validation completed in 11.4s
2026-02-28 22:32:56,925 [INFO]   2026-02-28 22:32:56,835 [INFO] 
2026-02-28 22:32:56,925 [INFO]   ── Intervention Comparison Table ──
2026-02-28 22:32:56,925 [INFO]   2026-02-28 22:32:56,836 [INFO] 
2026-02-28 22:32:56,925 [INFO]                  Scenario  Trigger Severity  Avg Duration (hours)  Avg Duration (days)  Avg Milk Loss  Avg Max Severity  Episodes  Runs
2026-02-28 22:32:56,925 [INFO]   Early Treatment (sev=1)                 1                   0.9                  0.0         106.77              0.67       1.0     3
2026-02-28 22:32:56,926 [INFO]    Late Treatment (sev=3)                 3                   6.1                  0.3         395.23              3.00       4.3     3
2026-02-28 22:32:56,926 [INFO]   2026-02-28 22:32:56,836 [INFO] 
2026-02-28 22:32:56,926 [INFO]   ── Treatment Impact Analysis ──
2026-02-28 22:32:56,926 [INFO]   2026-02-28 22:32:56,836 [INFO]   Early treatment milk loss: 106.77
2026-02-28 22:32:56,926 [INFO]   2026-02-28 22:32:56,836 [INFO]   Late treatment milk loss:  395.23
2026-02-28 22:32:56,926 [INFO]   2026-02-28 22:32:56,836 [INFO]   Difference: 73.0%  (target ≥20%)
2026-02-28 22:32:56,926 [INFO]   2026-02-28 22:32:56,836 [INFO]   Early duration: 0.9h
2026-02-28 22:32:56,926 [INFO]   2026-02-28 22:32:56,836 [INFO]   Late duration:  6.1h
2026-02-28 22:32:56,926 [INFO]   2026-02-28 22:32:56,836 [INFO] 
2026-02-28 22:32:56,926 [INFO]     VERDICT: ✅ PASS
2026-02-28 22:32:56,926 [INFO]   2026-02-28 22:32:56,836 [INFO]     Milk loss diff ≥20%: ✅ (73.0%)
2026-02-28 22:32:56,926 [INFO]   2026-02-28 22:32:56,836 [INFO]     Late duration > early: ✅
2026-02-28 22:32:56,926 [INFO]   2026-02-28 22:32:56,836 [INFO] 
2026-02-28 22:32:56,926 [INFO]   🟢 INTERVENTION VALIDATION PASSED — Treatment dynamics are causal
2026-02-28 22:32:56,926 [INFO]   2026-02-28 22:32:56,836 [INFO] ============================================================
2026-02-28 22:32:57,178 [INFO] 
============================================================
2026-02-28 22:32:57,179 [INFO] 📊 PILOT READINESS REPORT
2026-02-28 22:32:57,179 [INFO] ============================================================
2026-02-28 22:32:57,179 [INFO] 
Part                                Status     Details
2026-02-28 22:32:57,179 [INFO] --------------------------------------------------------------------------------
2026-02-28 22:32:57,179 [INFO]   reality_gap                       ❌ FAIL     3/12 scenarios FRAGILE
2026-02-28 22:32:57,179 [INFO]   counterfactual                    ✅ PASS     Peak and R₀ monotonic across 3 scenarios
2026-02-28 22:32:57,179 [INFO]   intervention                      ✅ PASS     Milk loss diff 73.0% (≥20%)
2026-02-28 22:32:57,179 [INFO] 
────────────────────────────────────────────────────────────
2026-02-28 22:32:57,179 [INFO]   Pilot Readiness Score: 67%
2026-02-28 22:32:57,179 [INFO]   Criteria Passed: 2/3
2026-02-28 22:32:57,179 [INFO]   Steps Completed: 3/4
2026-02-28 22:32:57,179 [INFO]   Total Duration: 45.8s (0.8 min)
2026-02-28 22:32:57,179 [INFO] ────────────────────────────────────────────────────────────
2026-02-28 22:32:57,179 [INFO] 
🟡 PARTIALLY READY — Address failing criteria before pilot
2026-02-28 22:32:57,179 [INFO] 
============================================================
