2026-02-26 19:07:56,219 [INFO] Starting Isolation Forest training for Health Anomaly Detection...
2026-02-26 19:07:56,238 [INFO] Loaded dataset with 7206 records.
2026-02-26 19:07:57,646 [INFO] Training Isolation Forest with contamination=0.2...
2026-02-26 19:07:57,842 [INFO] Training Classification Report:
2026-02-26 19:07:57,849 [INFO] 
              precision    recall  f1-score   support

         0.0       0.81      0.84      0.83      4678
         1.0       0.18      0.15      0.16      1086

    accuracy                           0.71      5764
   macro avg       0.49      0.50      0.49      5764
weighted avg       0.69      0.71      0.70      5764

2026-02-26 19:07:57,849 [INFO] Test Classification Report:
2026-02-26 19:07:57,856 [INFO] 
              precision    recall  f1-score   support

         0.0       0.81      0.81      0.81      1170
         1.0       0.17      0.17      0.17       272

    accuracy                           0.69      1442
   macro avg       0.49      0.49      0.49      1442
weighted avg       0.69      0.69      0.69      1442

2026-02-26 19:07:58,015 [INFO] Model saved to /Users/googledoodle/Downloads/livestock_monitoring/ml_service/scripts/../models/isolation_forest.joblib
2026-02-26 19:07:58,015 [INFO] Scaler saved to /Users/googledoodle/Downloads/livestock_monitoring/ml_service/scripts/../models/scaler.joblib
2026-02-26 19:08:03,419 [INFO] Training completed.
2026-02-26 19:10:54,821 [INFO] Starting Isolation Forest training for Health Anomaly Detection...
2026-02-26 19:10:54,841 [INFO] Loaded dataset with 7206 records.
2026-02-26 19:10:55,748 [INFO] Training Isolation Forest with contamination=0.2...
2026-02-26 19:10:56,333 [INFO] Training Classification Report:
2026-02-26 19:10:56,352 [INFO] 
              precision    recall  f1-score   support

         0.0       0.81      0.84      0.83      4678
         1.0       0.18      0.15      0.16      1086

    accuracy                           0.71      5764
   macro avg       0.49      0.50      0.49      5764
weighted avg       0.69      0.71      0.70      5764

2026-02-26 19:10:56,352 [INFO] Test Classification Report:
2026-02-26 19:10:56,413 [INFO] 
              precision    recall  f1-score   support

         0.0       0.81      0.81      0.81      1170
         1.0       0.17      0.17      0.17       272

    accuracy                           0.69      1442
   macro avg       0.49      0.49      0.49      1442
weighted avg       0.69      0.69      0.69      1442

2026-02-26 19:10:56,649 [INFO] Model saved to /Users/googledoodle/Downloads/livestock_monitoring/ml_service/scripts/../models/isolation_forest.joblib
2026-02-26 19:10:56,649 [INFO] Scaler saved to /Users/googledoodle/Downloads/livestock_monitoring/ml_service/scripts/../models/scaler.joblib
2026-02-26 19:11:00,952 [INFO] Training completed.
