✅ Local MQTT Broker started and listening on port 1883
[MQTT Local Broker] Client Connected: [33mmqttjs_8ff56c90[0m
[MQTT Local Broker] Client Disconnected: [33mmqttjs_8ff56c90[0m
[MQTT Local Broker] Client Connected: [33mgomata_agent_b4735bd4ab59[0m
[MQTT Local Broker] Client Connected: [33mmqttjs_2988269e[0m
[MQTT Local Broker] Client Disconnected: [33mmqttjs_2988269e[0m
[MQTT Local Broker] Client Connected: [33mmqttjs_c7e4e2c4[0m
[MQTT Local Broker] Client Disconnected: [33mmqttjs_c7e4e2c4[0m
[MQTT Local Broker] Client Connected: [33mmqttjs_110b69ce[0m
[MQTT Local Broker] Client Disconnected: [33mmqttjs_110b69ce[0m
[MQTT Local Broker] Client Disconnected: [33mgomata_agent_b4735bd4ab59[0m
[MQTT Local Broker] Client Connected: [33mmqttjs_f94e7f74[0m
[MQTT Local Broker] Client Disconnected: [33mmqttjs_f94e7f74[0m
[MQTT Local Broker] Client Connected: [33mmqttjs_4c775c39[0m
[MQTT Local Broker] Client Disconnected: [33mmqttjs_4c775c39[0m
[MQTT Local Broker] Client Connected: [33mmqttjs_fff9f75e[0m
[MQTT Local Broker] Client Disconnected: [33mmqttjs_fff9f75e[0m
[MQTT Local Broker] Client Connected: [33mgomata_agent_e0b218d49b25[0m
[MQTT Local Broker] Client Connected: [33mmqttjs_30ac3dee[0m
[MQTT Local Broker] Client Disconnected: [33mmqttjs_30ac3dee[0m
[MQTT Local Broker] Client Connected: [33mmqttjs_b9eb99a0[0m
[MQTT Local Broker] Client Disconnected: [33mmqttjs_b9eb99a0[0m
[MQTT Local Broker] Client Disconnected: [33mgomata_agent_e0b218d49b25[0m
[MQTT Local Broker] Client Connected: [33mgomata_agent_01dfb5b4bb6c[0m
[MQTT Local Broker] Client Connected: [33mmqttjs_93b57e9b[0m
[MQTT Local Broker] Client Disconnected: [33mmqttjs_93b57e9b[0m
[MQTT Local Broker] Client Disconnected: [33mgomata_agent_01dfb5b4bb6c[0m
[MQTT Local Broker] Client Connected: [33mgomata_agent_c648302ce705[0m
[MQTT Local Broker] Client Connected: [33mmqttjs_02d76a4e[0m
[MQTT Local Broker] Client Disconnected: [33mmqttjs_02d76a4e[0m
[MQTT Local Broker] Client Disconnected: [33mgomata_agent_c648302ce705[0m
[MQTT Local Broker] Client Connected: [33mgomata_agent_565e647ee3ca[0m
[MQTT Local Broker] Client Connected: [33mmqttjs_c227b0ba[0m
[MQTT Local Broker] Client Disconnected: [33mmqttjs_c227b0ba[0m
[MQTT Local Broker] Client Connected: [33mgomata_agent_d9c1ccaac97d[0m
[MQTT Local Broker] Client Connected: [33mmqttjs_1253dad5[0m
[MQTT Local Broker] Client Connected: [33mmqttjs_6777b997[0m
[MQTT Local Broker] Client Disconnected: [33mmqttjs_6777b997[0m
[MQTT Local Broker] Client Disconnected: [33mgomata_agent_d9c1ccaac97d[0m
[MQTT Local Broker] Client Connected: [33mgomata_agent_dbd15f1f9a01[0m
[MQTT Local Broker] Client Disconnected: [33mgomata_agent_565e647ee3ca[0m
[MQTT Local Broker] Client Disconnected: [33mgomata_agent_dbd15f1f9a01[0m
[MQTT Local Broker] Client Connected: [33mgomata_agent_1d72a70d509b[0m
[MQTT Local Broker] Client Connected: [33mmqttjs_8f5fd5a9[0m
[MQTT Local Broker] Client Disconnected: [33mmqttjs_8f5fd5a9[0m
[MQTT Local Broker] Client Connected: [33mgomata_agent_bfe69f873d56[0m
[MQTT Local Broker] Client Disconnected: [33mgomata_agent_bfe69f873d56[0m
[MQTT Local Broker] Client Connected: [33mgomata_agent_7eee840c54f6[0m
[MQTT Local Broker] Client Disconnected: [33mgomata_agent_7eee840c54f6[0m
[MQTT Local Broker] Client Connected: [33mgomata_agent_d793099da43b[0m
[MQTT Local Broker] Client Disconnected: [33mgomata_agent_d793099da43b[0m
[MQTT Local Broker] Client Disconnected: [33mgomata_agent_1d72a70d509b[0m
[MQTT Local Broker] Client Connected: [33mgomata_agent_feceaef9dc76[0m
[MQTT Local Broker] Client Disconnected: [33mgomata_agent_feceaef9dc76[0m
[MQTT Local Broker] Client Connected: [33mgomata_agent_946f1fc69e67[0m
[MQTT Local Broker] Client Disconnected: [33mgomata_agent_946f1fc69e67[0m
[MQTT Local Broker] Client Connected: [33mgomata_agent_efa5479abde[0m
[MQTT Local Broker] Client Connected: [33mgomata_agent_5c63de237c84[0m
[MQTT Local Broker] Client Disconnected: [33mgomata_agent_5c63de237c84[0m
[MQTT Local Broker] Client Connected: [33mgomata_agent_88120324f2da[0m
[MQTT Local Broker] Client Disconnected: [33mgomata_agent_88120324f2da[0m
[MQTT Local Broker] Client Connected: [33mgomata_agent_d81cfa0dc23[0m
[MQTT Local Broker] Client Disconnected: [33mgomata_agent_d81cfa0dc23[0m
[MQTT Local Broker] Client Disconnected: [33mgomata_agent_efa5479abde[0m
[MQTT Local Broker] Client Connected: [33mgomata_agent_d81cfa0dc23[0m
[MQTT Local Broker] Client Connected: [33mgomata_agent_efa5479abde[0m
[MQTT Local Broker] Client Disconnected: [33mgomata_agent_d81cfa0dc23[0m
[MQTT Local Broker] Client Disconnected: [33mgomata_agent_efa5479abde[0m
[MQTT Local Broker] Client Connected: [33mgomata_agent_d81cfa0dc23[0m
[MQTT Local Broker] Client Connected: [33mgomata_agent_efa5479abde[0m
[MQTT Local Broker] Client Disconnected: [33mgomata_agent_d81cfa0dc23[0m
[MQTT Local Broker] Client Connected: [33mgomata_agent_6d23c4b26eae[0m
[MQTT Local Broker] Client Disconnected: [33mgomata_agent_6d23c4b26eae[0m
[MQTT Local Broker] Client Connected: [33mgomata_agent_d08b64ddb707[0m
[MQTT Local Broker] Client Disconnected: [33mgomata_agent_d08b64ddb707[0m
[MQTT Local Broker] Client Connected: [33mgomata_agent_48e3ace605cd[0m
[MQTT Local Broker] Client Disconnected: [33mgomata_agent_48e3ace605cd[0m
[MQTT Local Broker] Client Connected: [33mgomata_agent_a7c6feee201[0m
[MQTT Local Broker] Client Disconnected: [33mgomata_agent_a7c6feee201[0m
[MQTT Local Broker] Client Connected: [33mgomata_agent_f6d56cf7da8b[0m
[MQTT Local Broker] Client Disconnected: [33mgomata_agent_f6d56cf7da8b[0m
[MQTT Local Broker] Client Connected: [33mgomata_agent_09b4f536d23a[0m
[MQTT Local Broker] Client Disconnected: [33mgomata_agent_09b4f536d23a[0m
[MQTT Local Broker] Client Connected: [33mgomata_agent_685aef99c135[0m
[MQTT Local Broker] Client Disconnected: [33mgomata_agent_685aef99c135[0m
[MQTT Local Broker] Client Connected: [33mgomata_agent_6901326df12c[0m
[MQTT Local Broker] Client Disconnected: [33mgomata_agent_6901326df12c[0m
[MQTT Local Broker] Client Connected: [33mgomata_agent_80377ce2c92b[0m
[MQTT Local Broker] Client Disconnected: [33mgomata_agent_80377ce2c92b[0m
[MQTT Local Broker] Client Connected: [33mgomata_agent_1ef81b23368c[0m
[MQTT Local Broker] Client Disconnected: [33mgomata_agent_1ef81b23368c[0m
[MQTT Local Broker] Client Connected: [33mgomata_agent_c7b9706bfee5[0m
[MQTT Local Broker] Client Disconnected: [33mgomata_agent_c7b9706bfee5[0m
[MQTT Local Broker] Client Connected: [33mgomata_agent_878ed0567eef[0m
[MQTT Local Broker] Client Disconnected: [33mgomata_agent_878ed0567eef[0m
[MQTT Local Broker] Client Connected: [33mgomata_agent_e7c8e70cf6ce[0m
[MQTT Local Broker] Client Disconnected: [33mgomata_agent_e7c8e70cf6ce[0m
[MQTT Local Broker] Client Connected: [33mgomata_agent_23e4acf45b3f[0m
[MQTT Local Broker] Client Disconnected: [33mgomata_agent_23e4acf45b3f[0m
[MQTT Local Broker] Client Connected: [33mgomata_agent_7d1a0abd4fd[0m
[MQTT Local Broker] Client Disconnected: [33mmqttjs_1253dad5[0m
[MQTT Local Broker] Client Disconnected: [33mgomata_agent_7d1a0abd4fd[0m
[MQTT Local Broker] Client Connected: [33mgomata_agent_48760709f026[0m
[MQTT Local Broker] Client Disconnected: [33mgomata_agent_48760709f026[0m
[MQTT Local Broker] Client Connected: [33mgomata_agent_40e3ec773382[0m
[MQTT Local Broker] Client Disconnected: [33mgomata_agent_40e3ec773382[0m
[MQTT Local Broker] Client Connected: [33mgomata_agent_170d70d55bfe[0m
[MQTT Local Broker] Client Disconnected: [33mgomata_agent_170d70d55bfe[0m
[MQTT Local Broker] Client Connected: [33mgomata_agent_da81fc1b599c[0m
[MQTT Local Broker] Client Disconnected: [33mgomata_agent_da81fc1b599c[0m
[MQTT Local Broker] Client Connected: [33mgomata_agent_b4b62d9f30e[0m
[MQTT Local Broker] Client Disconnected: [33mgomata_agent_b4b62d9f30e[0m
[MQTT Local Broker] Client Connected: [33mgomata_agent_868fed55e78a[0m
[MQTT Local Broker] Client Disconnected: [33mgomata_agent_868fed55e78a[0m
[MQTT Local Broker] Client Connected: [33mgomata_agent_dd4d1ab449e7[0m
